[36mvite v6.4.1 [32mbuilding for production...[36m[39m
transforming...
[32m??[39m 17 modules transformed.
node.exe : [31m??[39m Build 
failed in 950ms
位於 C:\Program Files\nodejs\np
x.ps1:29 字元:3
+   & $NODE_EXE $NPX_CLI_JS $
args
+   ~~~~~~~~~~~~~~~~~~~~~~~~~
~~~~
    + CategoryInfo           
   : NotSpecified: ([31m??  
  [39m Build failed in 950   
 ms:String) [], RemoteExc    
eption
    + FullyQualifiedErrorId  
   : NativeCommandError
 
[31merror during build:
[31m[vite:css] [postcss] It 
looks like you're trying to u
se `tailwindcss` directly as 
a PostCSS plugin. The PostCSS
 plugin has moved to a separa
te package, so to continue us
ing Tailwind CSS with PostCSS
 you'll need to install `@tai
lwindcss/postcss` and update 
your PostCSS configuration.[
31m
file: [36mC:/Users/wilso/One
Drive/獢/Card-Strategy/Card-
Strategy-Game/src/index.css:u
ndefined:NaN[31m
    at lt (C:\Users\wilso\One
Drive\獢\Card-Strategy\Card-
Strategy-Game\node_modules\ta
ilwindcss\dist\lib.js:38:1643
)
    at LazyResult.runOnRoot (
C:\Users\wilso\OneDrive\獢\C
ard-Strategy\Card-Strategy-Ga
me\node_modules\postcss\lib\l
azy-result.js:361:16)
    at LazyResult.runAsync (C
:\Users\wilso\OneDrive\獢\Ca
rd-Strategy\Card-Strategy-Gam
e\node_modules\postcss\lib\la
zy-result.js:290:26)
    at async runPostCSS (file
:///C:/Users/wilso/OneDrive/%
E6%A1%8C%E9%9D%A2/Card-Strate
gy/Card-Strategy-Game/node_mo
dules/vite/dist/node/chunks/d
ep-D4NMHUTW.js:43853:21)
    at async compilePostCSS (
file:///C:/Users/wilso/OneDri
ve/%E6%A1%8C%E9%9D%A2/Card-St
rategy/Card-Strategy-Game/nod
e_modules/vite/dist/node/chun
ks/dep-D4NMHUTW.js:43823:18)
    at async compileCSS (file
:///C:/Users/wilso/OneDrive/%
E6%A1%8C%E9%9D%A2/Card-Strate
gy/Card-Strategy-Game/node_mo
dules/vite/dist/node/chunks/d
ep-D4NMHUTW.js:43678:27)
    at async Object.handler (
file:///C:/Users/wilso/OneDri
ve/%E6%A1%8C%E9%9D%A2/Card-St
rategy/Card-Strategy-Game/nod
e_modules/vite/dist/node/chun
ks/dep-D4NMHUTW.js:42994:11)
    at async transform (file:
///C:/Users/wilso/OneDrive/%E
6%A1%8C%E9%9D%A2/Card-Strateg
y/Card-Strategy-Game/node_mod
ules/rollup/dist/es/shared/no
de-entry.js:21234:16)
    at async ModuleLoader.add
ModuleSource (file:///C:/User
s/wilso/OneDrive/%E6%A1%8C%E9
%9D%A2/Card-Strategy/Card-Str
ategy-Game/node_modules/rollu
p/dist/es/shared/node-entry.j
s:21448:36)[39m
